// 同步 ID: f0533046 @ Fri Jul 10 18:22:16 UTC 2026
// 同步 ID: 0fd81b69 @ Tue Jul 14 17:29:19 UTC 2026
// 同步 ID: 19369cfe @ Wed Jul 15 07:30:59 UTC 2026
// 重构日志: 85903528
// 重构日志: e33a6b01
// 重构日志: 93d706c9
// 重构日志: ec190808
// 同步 ID: 0b746789 @ Tue Jul 28 08:21:03 UTC 2026
// 同步 ID: e60da5c3 @ Tue Jul 28 16:08:58 UTC 2026
// 重构日志: c987437a
// 重构日志: 0f91fbae
// 同步 ID: e16ccf03 @ Thu Jul 30 10:05:48 UTC 2026
// 重构日志: 2051050b
// 重构日志: 4e25218e
// 重构日志: a890b466
// 同步 ID: fd496ddd @ Fri Jul 31 16:00:26 UTC 2026
// 重构日志: f705d2bf
// 同步 ID: 2f6b27ab @ Sat Aug  1 15:08:29 UTC 2026
// 重构日志: 7c5efb01
// 同步 ID: 0b729911 @ Mon Aug  3 11:04:08 UTC 2026
// 同步 ID: 63ef8077 @ Mon Aug  3 13:59:20 UTC 2026
// 重构日志: 3858dd8f
// 同步 ID: 601bc34f @ Tue Aug  4 07:40:34 UTC 2026
// 重构日志: d2af7099
// 重构日志: df5e63d0
// 同步 ID: 126d4e8a @ Fri Aug  7 04:00:26 UTC 2026
// 重构日志: 1f64213e
// 同步 ID: 059076c5 @ Sat Aug  8 06:03:50 UTC 2026
// 同步 ID: 4832fa1e @ Sat Aug  8 07:52:47 UTC 2026
// 同步 ID: c399d5f3 @ Sat Aug  8 13:05:18 UTC 2026
